[INFO ][2018/09/26 09:36:43499][com.github.candyacao.client.Client.main(Client.java:24)]
客户端开始连接服务器。。。。
  [INFO ][2018/09/26 09:37:04989][com.github.candyacao.client.Client.main(Client.java:32)]
数据发送完成
  [INFO ][2018/09/26 09:56:38834][com.github.candyacao.client.Client.main(Client.java:24)]
客户端开始连接服务器。。。。
  [INFO ][2018/09/26 09:57:00972][com.github.candyacao.client.Client.main(Client.java:32)]
数据发送完成
  